// Jest Snapshot v1, https://goo.gl/fbAQLP

exports[`MyComponent renders 1`] = `
<ErrorBoundary>
  <styled.li>
    elo
  </styled.li>
</ErrorBoundary>
`;
