// Jest Snapshot v1, https://goo.gl/fbAQLP

exports[`MyComponent displays proper date 1`] = `
<div>
  <h2>
    Today is 
  </h2>
</div>
`;
